// Jest Snapshot v1, https://goo.gl/fbAQLP

exports[`should render Header correctly 1`] = `
<header>
  <NavLink
    activeClassName="is-actives"
    aria-current="page"
    exact={true}
    to="/"
  >
    Home 
  </NavLink>
  <br />
  <NavLink
    activeClassName="is-actives"
    aria-current="page"
    to="/create"
  >
    create 
  </NavLink>
  <br />
  <NavLink
    activeClassName="is-actives"
    aria-current="page"
    to="/help"
  >
    Help
  </NavLink>
</header>
`;
